
> openclaw@2026.4.15 tsgo /home/codedex/projects/DeXMart
> node scripts/run-tsgo.mjs

extensions/whatsapp/src/auto-reply.web-auto-reply.compresses-common-formats-jpeg-cap.test.ts(37,11): error TS2322: Type '({ onMessage }: MonitorWebInboxOptions & { sock: { communityMetadata: (jid: string) => Promise<GroupMetadata>; communityCreate: (subject: string, body: string) => Promise<...>; ... 153 more ...; onWhatsApp: (...phoneNumber: string[]) => Promise<...>; }; }) => Promise<...>' is not assignable to type '(options: MonitorWebInboxOptions & { sock: { communityMetadata: (jid: string) => Promise<GroupMetadata>; communityCreate: (subject: string, body: string) => Promise<...>; ... 153 more ...; onWhatsApp: (...phoneNumber: string[]) => Promise<...>; }; }) => Promise<...>'.
  Type 'Promise<MockWebListener>' is not assignable to type 'Promise<{ readonly sendMessage: (to: string, text: string, mediaBuffer?: Buffer<ArrayBufferLike> | undefined, mediaType?: string | undefined, sendOptions?: ActiveWebSendOptions | undefined) => Promise<...>; ... 7 more ...; readonly signalClose: (reason?: WebListenerCloseReason | undefined) => void; }>'.
    Type 'MockWebListener' is missing the following properties from type '{ readonly sendMessage: (to: string, text: string, mediaBuffer?: Buffer, mediaType?: string, sendOptions?: ActiveWebSendOptions) => Promise<{ messageId: string; }>; readonly sendPoll: (to: string, poll: { question: string; options: string[]; maxSelections?: number; }) => Promise<{ messageId: string; }>; ... 6 more ....': sendPausedTo, sendPresenceUpdate
extensions/whatsapp/src/auto-reply.web-auto-reply.connection-and-logging.e2e.test.ts(420,7): error TS2345: Argument of type '({ onMessage }: MonitorWebInboxOptions & { sock: { communityMetadata: (jid: string) => Promise<GroupMetadata>; communityCreate: (subject: string, body: string) => Promise<...>; ... 153 more ...; onWhatsApp: (...phoneNumber: string[]) => Promise<...>; }; }) => Promise<...>' is not assignable to parameter of type '(options: MonitorWebInboxOptions & { sock: { communityMetadata: (jid: string) => Promise<GroupMetadata>; communityCreate: (subject: string, body: string) => Promise<...>; ... 153 more ...; onWhatsApp: (...phoneNumber: string[]) => Promise<...>; }; }) => Promise<...>'.
  Type 'Promise<MockWebListener>' is not assignable to type 'Promise<{ readonly sendMessage: (to: string, text: string, mediaBuffer?: Buffer<ArrayBufferLike> | undefined, mediaType?: string | undefined, sendOptions?: ActiveWebSendOptions | undefined) => Promise<...>; ... 7 more ...; readonly signalClose: (reason?: WebListenerCloseReason | undefined) => void; }>'.
    Type 'MockWebListener' is missing the following properties from type '{ readonly sendMessage: (to: string, text: string, mediaBuffer?: Buffer, mediaType?: string, sendOptions?: ActiveWebSendOptions) => Promise<{ messageId: string; }>; readonly sendPoll: (to: string, poll: { question: string; options: string[]; maxSelections?: number; }) => Promise<{ messageId: string; }>; ... 6 more ....': sendPausedTo, sendPresenceUpdate
extensions/whatsapp/src/connection-controller.test.ts(126,35): error TS2322: Type 'Promise<{ sendMessage: Mock<() => Promise<{ messageId: string; }>>; sendPoll: Mock<() => Promise<{ messageId: string; }>>; sendReaction: Mock<() => Promise<void>>; sendComposingTo: Mock<...>; }>' is not assignable to type 'Promise<ManagedWhatsAppListener>'.
  Type '{ sendMessage: Mock<() => Promise<{ messageId: string; }>>; sendPoll: Mock<() => Promise<{ messageId: string; }>>; sendReaction: Mock<() => Promise<void>>; sendComposingTo: Mock<...>; }' is not assignable to type 'ManagedWhatsAppListener'.
    Type '{ sendMessage: Mock<() => Promise<{ messageId: string; }>>; sendPoll: Mock<() => Promise<{ messageId: string; }>>; sendReaction: Mock<() => Promise<void>>; sendComposingTo: Mock<...>; }' is missing the following properties from type 'ActiveWebListener': sendPausedTo, sendPresenceUpdate
extensions/whatsapp/src/connection-controller.test.ts(155,39): error TS2322: Type 'Promise<{ sendMessage: Mock<() => Promise<{ messageId: string; }>>; sendPoll: Mock<() => Promise<{ messageId: string; }>>; sendReaction: Mock<() => Promise<void>>; sendComposingTo: Mock<...>; }>' is not assignable to type 'Promise<ManagedWhatsAppListener>'.
  Type '{ sendMessage: Mock<() => Promise<{ messageId: string; }>>; sendPoll: Mock<() => Promise<{ messageId: string; }>>; sendReaction: Mock<() => Promise<void>>; sendComposingTo: Mock<...>; }' is not assignable to type 'ManagedWhatsAppListener'.
    Type '{ sendMessage: Mock<() => Promise<{ messageId: string; }>>; sendPoll: Mock<() => Promise<{ messageId: string; }>>; sendReaction: Mock<() => Promise<void>>; sendComposingTo: Mock<...>; }' is missing the following properties from type 'ActiveWebListener': sendPausedTo, sendPresenceUpdate
extensions/whatsapp/src/send.test.ts(82,48): error TS2739: Type '{ sendComposingTo: Mock<() => Promise<void>>; sendMessage: Mock<() => Promise<{ messageId: string; }>>; sendPoll: Mock<() => Promise<{ messageId: string; }>>; sendReaction: Mock<...>; }' is missing the following properties from type 'ActiveWebListener': sendPausedTo, sendPresenceUpdate
extensions/whatsapp/src/send.test.ts(108,45): error TS2739: Type '{ sendComposingTo: Mock<() => Promise<void>>; sendMessage: Mock<() => Promise<{ messageId: string; }>>; sendPoll: Mock<() => Promise<{ messageId: string; }>>; sendReaction: Mock<...>; }' is missing the following properties from type 'ActiveWebListener': sendPausedTo, sendPresenceUpdate
extensions/whatsapp/src/send.test.ts(279,45): error TS2739: Type '{ sendComposingTo: Mock<() => Promise<void>>; sendMessage: Mock<() => Promise<{ messageId: string; }>>; sendPoll: Mock<() => Promise<{ messageId: string; }>>; sendReaction: Mock<...>; }' is missing the following properties from type 'ActiveWebListener': sendPausedTo, sendPresenceUpdate
extensions/whatsapp/src/session.saas-auth.test.ts(9,10): error TS2724: '"./session.js"' has no exported member named 'resolveWaAuthStateFactory'. Did you mean 'WaAuthStateFactory'?
src/agents/openclaw-tools.memorymanager.test.ts(11,62): error TS2307: Cannot find module '../memory/types.js' or its corresponding type declarations.
src/agents/openclaw-tools.memorymanager.test.ts(76,27): error TS2353: Object literal may only specify known properties, and 'memoryManager' does not exist in type '{ sandboxBrowserBridgeUrl?: string | undefined; allowHostBrowserControl?: boolean | undefined; agentSessionKey?: string | undefined; agentChannel?: ChannelId | undefined; ... 29 more ...; allowGatewaySubagentBinding?: boolean | undefined; } & SpawnedToolContext'.
src/agents/openclaw-tools.memorymanager.test.ts(80,30): error TS2339: Property 'memoryManager' does not exist on type '{ context: OpenClawPluginToolContext; existingToolNames?: Set<string> | undefined; toolAllowlist?: string[] | undefined; suppressNameConflicts?: boolean | undefined; allowGatewaySubagentBinding?: boolean | undefined; env?: ProcessEnv | undefined; }'.
src/agents/openclaw-tools.memorymanager.test.ts(87,30): error TS2339: Property 'memoryManager' does not exist on type '{ context: OpenClawPluginToolContext; existingToolNames?: Set<string> | undefined; toolAllowlist?: string[] | undefined; suppressNameConflicts?: boolean | undefined; allowGatewaySubagentBinding?: boolean | undefined; env?: ProcessEnv | undefined; }'.
src/agents/openclaw-tools.memorymanager.test.ts(92,41): error TS2353: Object literal may only specify known properties, and 'memoryManager' does not exist in type '{ sandboxBrowserBridgeUrl?: string | undefined; allowHostBrowserControl?: boolean | undefined; agentSessionKey?: string | undefined; agentChannel?: ChannelId | undefined; ... 29 more ...; allowGatewaySubagentBinding?: boolean | undefined; } & SpawnedToolContext'.
src/cli/ssrf.test.ts(13,18): error TS2554: Expected 3 arguments, but got 2.
src/cli/ssrf.test.ts(22,18): error TS2554: Expected 3 arguments, but got 2.
src/cli/ssrf.test.ts(44,11): error TS2554: Expected 3 arguments, but got 2.
src/controllers/billingIntegration.test.ts(121,15): error TS2339: Property 'update' does not exist on type 'Firestore'.
src/controllers/billingIntegration.test.ts(132,15): error TS2339: Property 'set' does not exist on type 'Firestore'.
src/controllers/contactController.test.ts(11,9): error TS2698: Spread types may only be created from object types.
src/controllers/stripeWebhookController.test.ts(108,15): error TS2339: Property 'update' does not exist on type 'Firestore'.
src/controllers/stripeWebhookController.test.ts(142,15): error TS2339: Property 'update' does not exist on type 'Firestore'.
src/controllers/stripeWebhookController.test.ts(170,9): error TS2339: Property 'where' does not exist on type 'Firestore'.
src/ingress/ingress-service.ts(186,54): error TS2307: Cannot find module '@/memory/hybrid-adapter.js' or its corresponding type declarations.
src/ingress/ingress-service.ts(187,57): error TS2307: Cannot find module '@/memory/index.js' or its corresponding type declarations.
src/ingress/ingress-service.ts(221,11): error TS2353: Object literal may only specify known properties, and 'memoryManager' does not exist in type 'RunEmbeddedPiAgentParams'.
src/lib/apiKeyManager.test.ts(142,46): error TS2345: Argument of type '{ type: string; retryable: boolean; cooldownMs: number; markKeyFailed: boolean; markKeyDead: boolean; }' is not assignable to parameter of type 'boolean | undefined'.
src/persistence/channel-auth-state.test.ts(116,27): error TS2353: Object literal may only specify known properties, and 'keyPair' does not exist in type 'KeyPair'.
src/services/ChannelService.cleanup.test.ts(65,57): error TS2345: Argument of type '{ id: string; type: string; status: string; assignedAgentId: string; }' is not assignable to parameter of type 'AgentDocument | ChannelDocument | ChannelGroupDocument | ChannelMemberDocument | Readonly<{ id: string; ... 7 more ...; updatedAt: Date; }> | ... 14 more ... | null'.
  Type '{ id: string; type: string; status: string; assignedAgentId: string; }' is not assignable to type 'AgentDocument | ChannelGroupDocument | ChannelMemberDocument | Readonly<{ id: string; tenantId: string; name: string; content: string; ... 4 more ...; updatedAt: Date; }> | ... 13 more ... | { ...; }'.
    Type '{ id: string; type: string; status: string; assignedAgentId: string; }' is missing the following properties from type 'TenantDocument': name, subdomain, plan, subscriptionStatus, and 4 more.
src/services/ChannelService.cleanup.test.ts(92,32): error TS2345: Argument of type '{ id: string; type: string; status: string; assignedAgentId: string; }' is not assignable to parameter of type 'AgentDocument | ChannelDocument | ChannelGroupDocument | ChannelMemberDocument | Readonly<{ id: string; ... 7 more ...; updatedAt: Date; }> | ... 14 more ... | null'.
  Type '{ id: string; type: string; status: string; assignedAgentId: string; }' is not assignable to type 'AgentDocument | ChannelGroupDocument | ChannelMemberDocument | Readonly<{ id: string; tenantId: string; name: string; content: string; ... 4 more ...; updatedAt: Date; }> | ... 13 more ... | { ...; }'.
    Type '{ id: string; type: string; status: string; assignedAgentId: string; }' is missing the following properties from type 'TenantDocument': name, subdomain, plan, subscriptionStatus, and 4 more.
src/services/ChannelService.cleanup.test.ts(93,32): error TS2345: Argument of type '{ id: string; type: string; assignedAgentId: string; status: "archived"; }' is not assignable to parameter of type 'AgentDocument | ChannelDocument | ChannelGroupDocument | ChannelMemberDocument | Readonly<{ id: string; ... 7 more ...; updatedAt: Date; }> | ... 14 more ... | null'.
  Type '{ id: string; type: string; assignedAgentId: string; status: "archived"; }' is not assignable to type 'AgentDocument | ChannelGroupDocument | ChannelMemberDocument | Readonly<{ id: string; tenantId: string; name: string; content: string; ... 4 more ...; updatedAt: Date; }> | ... 9 more ... | { ...; }'.
    Type '{ id: string; type: string; assignedAgentId: string; status: "archived"; }' is missing the following properties from type 'Readonly<{ id: string; userId: string; tenantId: string; type: string; severity: "CRITICAL" | "HIGH" | "LOW" | "MEDIUM"; description: string; timestamp: Date; metadata?: Record<string, any> | undefined; }>': userId, tenantId, severity, description, timestamp
src/services/ChannelService.lifecycle.test.ts(65,57): error TS2345: Argument of type '{ id: string; type: string; status: string; assignedAgentId: string; }' is not assignable to parameter of type 'AgentDocument | ChannelDocument | ChannelGroupDocument | ChannelMemberDocument | Readonly<{ id: string; ... 7 more ...; updatedAt: Date; }> | ... 14 more ... | null'.
  Type '{ id: string; type: string; status: string; assignedAgentId: string; }' is not assignable to type 'AgentDocument | ChannelGroupDocument | ChannelMemberDocument | Readonly<{ id: string; tenantId: string; name: string; content: string; ... 4 more ...; updatedAt: Date; }> | ... 13 more ... | { ...; }'.
    Type '{ id: string; type: string; status: string; assignedAgentId: string; }' is missing the following properties from type 'TenantDocument': name, subdomain, plan, subscriptionStatus, and 4 more.
src/services/ChannelService.lifecycle.test.ts(105,32): error TS2345: Argument of type '{ id: string; type: string; status: string; assignedAgentId: string; }' is not assignable to parameter of type 'AgentDocument | ChannelDocument | ChannelGroupDocument | ChannelMemberDocument | Readonly<{ id: string; ... 7 more ...; updatedAt: Date; }> | ... 14 more ... | null'.
  Type '{ id: string; type: string; status: string; assignedAgentId: string; }' is not assignable to type 'AgentDocument | ChannelGroupDocument | ChannelMemberDocument | Readonly<{ id: string; tenantId: string; name: string; content: string; ... 4 more ...; updatedAt: Date; }> | ... 13 more ... | { ...; }'.
    Type '{ id: string; type: string; status: string; assignedAgentId: string; }' is missing the following properties from type 'TenantDocument': name, subdomain, plan, subscriptionStatus, and 4 more.
src/services/ChannelService.lifecycle.test.ts(106,32): error TS2345: Argument of type '{ id: string; type: string; assignedAgentId: string; status: "archived"; }' is not assignable to parameter of type 'AgentDocument | ChannelDocument | ChannelGroupDocument | ChannelMemberDocument | Readonly<{ id: string; ... 7 more ...; updatedAt: Date; }> | ... 14 more ... | null'.
  Type '{ id: string; type: string; assignedAgentId: string; status: "archived"; }' is not assignable to type 'AgentDocument | ChannelGroupDocument | ChannelMemberDocument | Readonly<{ id: string; tenantId: string; name: string; content: string; ... 4 more ...; updatedAt: Date; }> | ... 9 more ... | { ...; }'.
    Type '{ id: string; type: string; assignedAgentId: string; status: "archived"; }' is missing the following properties from type 'Readonly<{ id: string; userId: string; tenantId: string; type: string; severity: "CRITICAL" | "HIGH" | "LOW" | "MEDIUM"; description: string; timestamp: Date; metadata?: Record<string, any> | undefined; }>': userId, tenantId, severity, description, timestamp
src/services/ChannelService.move.test.ts(71,57): error TS2345: Argument of type '{ id: string; type: string; status: string; assignedAgentId: string; }' is not assignable to parameter of type 'AgentDocument | ChannelDocument | ChannelGroupDocument | ChannelMemberDocument | Readonly<{ id: string; ... 7 more ...; updatedAt: Date; }> | ... 14 more ... | null'.
  Type '{ id: string; type: string; status: string; assignedAgentId: string; }' is not assignable to type 'AgentDocument | ChannelGroupDocument | ChannelMemberDocument | Readonly<{ id: string; tenantId: string; name: string; content: string; ... 4 more ...; updatedAt: Date; }> | ... 13 more ... | { ...; }'.
    Type '{ id: string; type: string; status: string; assignedAgentId: string; }' is missing the following properties from type 'TenantDocument': name, subdomain, plan, subscriptionStatus, and 4 more.
src/services/ChannelService.test.ts(114,59): error TS2345: Argument of type '{ id: string; name: string; }' is not assignable to parameter of type 'AgentDocument | ChannelDocument | ChannelGroupDocument | ChannelMemberDocument | Readonly<{ date: string; sent: number | { ...; }; received: number | { ...; }; errors: number | { ...; }; updatedAt: Date; }> | ... 14 more ... | null'.
  Type '{ id: string; name: string; }' is missing the following properties from type 'TenantDocument': subdomain, plan, subscriptionStatus, status, and 4 more.
src/services/ChannelService.test.ts(126,55): error TS2741: Property 'isHealthMonitorEnabled' is missing in type '{ stopChannel: Mock<Procedure>; startChannel: Mock<Procedure>; startChannels: Mock<Procedure>; getRuntimeSnapshot: Mock<Procedure>; markChannelLoggedOut: Mock<...>; isManuallyStopped: Mock<...>; resetRestartAttempts: Mock<...>; }' but required in type 'ChannelManager'.
src/services/ChannelService.test.ts(135,59): error TS2345: Argument of type '{ id: string; name: string; type: "whatsapp"; }' is not assignable to parameter of type 'AgentDocument | ChannelDocument | ChannelGroupDocument | ChannelMemberDocument | Readonly<{ date: string; sent: number | { ...; }; received: number | { ...; }; errors: number | { ...; }; updatedAt: Date; }> | ... 14 more ... | null'.
  Type '{ id: string; name: string; type: "whatsapp"; }' is not assignable to type 'AgentDocument | ChannelDocument | ChannelGroupDocument | ChannelMemberDocument | Readonly<{ date: string; sent: number | { ...; }; received: number | { ...; }; errors: number | { ...; }; updatedAt: Date; }> | ... 13 more ... | { ...; }'.
    Type '{ id: string; name: string; type: "whatsapp"; }' is missing the following properties from type 'ChannelDocument': status, stats, createdAt, updatedAt
src/services/ChannelService.test.ts(155,3): error TS2322: Type '{ isHealthMonitorEnabled?: ((channelId: ChannelId, accountId: string) => boolean) | undefined; startChannel: ((channel: ChannelId, accountId?: string) => Promise<void>) | Mock<...>; ... 5 more ...; resetRestartAttempts: ((channelId: ChannelId, accountId: string) => void) | Mock<...>; }' is not assignable to type 'ChannelManager'.
  Types of property 'isHealthMonitorEnabled' are incompatible.
    Type '((channelId: ChannelId, accountId: string) => boolean) | undefined' is not assignable to type '(channelId: ChannelId, accountId: string) => boolean'.
      Type 'undefined' is not assignable to type '(channelId: ChannelId, accountId: string) => boolean'.
src/services/ChannelService.test.ts(183,59): error TS2345: Argument of type '{ id: string; type: "whatsapp"; status: "disconnected"; assignedAgentId: string; }' is not assignable to parameter of type 'AgentDocument | ChannelDocument | ChannelGroupDocument | ChannelMemberDocument | Readonly<{ date: string; sent: number | { ...; }; received: number | { ...; }; errors: number | { ...; }; updatedAt: Date; }> | ... 14 more ... | null'.
  Type '{ id: string; type: "whatsapp"; status: "disconnected"; assignedAgentId: string; }' is not assignable to type 'AgentDocument | ChannelDocument | ChannelGroupDocument | ChannelMemberDocument | Readonly<{ date: string; sent: number | { ...; }; received: number | { ...; }; errors: number | { ...; }; updatedAt: Date; }> | ... 8 more ... | { ...; }'.
    Type '{ id: string; type: "whatsapp"; status: "disconnected"; assignedAgentId: string; }' is missing the following properties from type 'ChannelDocument': name, stats, createdAt, updatedAt
src/services/ChannelService.test.ts(203,59): error TS2345: Argument of type '{ id: string; type: "telegram"; status: "disconnected"; assignedAgentId: string; }' is not assignable to parameter of type 'AgentDocument | ChannelDocument | ChannelGroupDocument | ChannelMemberDocument | Readonly<{ date: string; sent: number | { ...; }; received: number | { ...; }; errors: number | { ...; }; updatedAt: Date; }> | ... 14 more ... | null'.
  Type '{ id: string; type: "telegram"; status: "disconnected"; assignedAgentId: string; }' is not assignable to type 'AgentDocument | ChannelDocument | ChannelGroupDocument | ChannelMemberDocument | Readonly<{ date: string; sent: number | { ...; }; received: number | { ...; }; errors: number | { ...; }; updatedAt: Date; }> | ... 8 more ... | { ...; }'.
    Type '{ id: string; type: "telegram"; status: "disconnected"; assignedAgentId: string; }' is missing the following properties from type 'ChannelDocument': name, stats, createdAt, updatedAt
src/services/ChannelService.test.ts(231,59): error TS2345: Argument of type '{ id: string; type: "whatsapp"; status: "connected"; assignedAgentId: string; }' is not assignable to parameter of type 'AgentDocument | ChannelDocument | ChannelGroupDocument | ChannelMemberDocument | Readonly<{ date: string; sent: number | { ...; }; received: number | { ...; }; errors: number | { ...; }; updatedAt: Date; }> | ... 14 more ... | null'.
  Type '{ id: string; type: "whatsapp"; status: "connected"; assignedAgentId: string; }' is not assignable to type 'AgentDocument | ChannelDocument | ChannelGroupDocument | ChannelMemberDocument | Readonly<{ date: string; sent: number | { ...; }; received: number | { ...; }; errors: number | { ...; }; updatedAt: Date; }> | ... 8 more ... | { ...; }'.
    Type '{ id: string; type: "whatsapp"; status: "connected"; assignedAgentId: string; }' is missing the following properties from type 'ChannelDocument': name, stats, createdAt, updatedAt
src/services/backupService.test.ts(41,9): error TS2339: Property 'get' does not exist on type 'Firestore'.
src/services/backupService.test.ts(46,9): error TS2339: Property 'get' does not exist on type 'Firestore'.
src/services/backupService.test.ts(66,9): error TS2339: Property 'get' does not exist on type 'Firestore'.
src/services/backupService.test.ts(74,27): error TS2339: Property 'code' does not exist on type 'Error'.
src/services/backupService.test.ts(81,9): error TS2339: Property 'get' does not exist on type 'Firestore'.
src/services/backupService.test.ts(89,27): error TS2339: Property 'code' does not exist on type 'Error'.
src/services/backupService.test.ts(99,9): error TS2339: Property 'get' does not exist on type 'Firestore'.
src/services/flowService.test.ts(53,9): error TS2339: Property 'get' does not exist on type 'Firestore'.
src/services/multiTenantService.test.ts(147,27): error TS2339: Property 'error' does not exist on type 'Result<boolean>'.
  Property 'error' does not exist on type '{ readonly success: true; readonly data: boolean; }'.
src/tenancy/__tests__/context-resolver.test.ts(57,17): error TS2351: This expression is not constructable.
  Type 'typeof import("/home/codedex/projects/DeXMart/node_modules/ioredis/built/index")' has no construct signatures.
test/helpers/envelope-timestamp.ts(5,17): error TS2348: Value of type 'Mock<Constructable | Procedure>' is not callable. Did you mean to include 'new'?
 ELIFECYCLE  Command failed with exit code 2.
