npm warn Unknown project config "node-linker". This will stop working in the next major version of npm. See `npm help npmrc` for supported config options.

> openclaw@2026.4.15 tsgo
> node scripts/run-tsgo.mjs

extensions/whatsapp/src/auto-reply.web-auto-reply.connection-and-logging.e2e.test.ts(75,45): error TS2554: Expected 1 arguments, but got 2.
extensions/whatsapp/src/session.saas-auth.test.ts(9,10): error TS2724: '"./session.js"' has no exported member named 'resolveWaAuthStateFactory'. Did you mean 'WaAuthStateFactory'?
extensions/whatsapp/src/test-helpers.ts(172,42): error TS2554: Expected 1 arguments, but got 2.
extensions/whatsapp/src/test-helpers.ts(174,40): error TS2554: Expected 1 arguments, but got 2.
src/agents/openclaw-tools.memorymanager.test.ts(11,62): error TS2307: Cannot find module '../memory/types.js' or its corresponding type declarations.
src/agents/openclaw-tools.memorymanager.test.ts(76,27): error TS2353: Object literal may only specify known properties, and 'memoryManager' does not exist in type '{ sandboxBrowserBridgeUrl?: string | undefined; allowHostBrowserControl?: boolean | undefined; agentSessionKey?: string | undefined; agentChannel?: ChannelId | undefined; ... 29 more ...; allowGatewaySubagentBinding?: boolean | undefined; } & SpawnedToolContext'.
src/agents/openclaw-tools.memorymanager.test.ts(80,30): error TS2339: Property 'memoryManager' does not exist on type '{ context: OpenClawPluginToolContext; existingToolNames?: Set<string> | undefined; toolAllowlist?: string[] | undefined; suppressNameConflicts?: boolean | undefined; allowGatewaySubagentBinding?: boolean | undefined; env?: ProcessEnv | undefined; }'.
src/agents/openclaw-tools.memorymanager.test.ts(87,30): error TS2339: Property 'memoryManager' does not exist on type '{ context: OpenClawPluginToolContext; existingToolNames?: Set<string> | undefined; toolAllowlist?: string[] | undefined; suppressNameConflicts?: boolean | undefined; allowGatewaySubagentBinding?: boolean | undefined; env?: ProcessEnv | undefined; }'.
src/agents/openclaw-tools.memorymanager.test.ts(92,41): error TS2353: Object literal may only specify known properties, and 'memoryManager' does not exist in type '{ sandboxBrowserBridgeUrl?: string | undefined; allowHostBrowserControl?: boolean | undefined; agentSessionKey?: string | undefined; agentChannel?: ChannelId | undefined; ... 29 more ...; allowGatewaySubagentBinding?: boolean | undefined; } & SpawnedToolContext'.
src/analytics/event-listener.ts(26,24): error TS2724: '"@/infra/agent-events.js"' has no exported member named 'AgentEventPayloadSchema'. Did you mean 'AgentEventPayload'?
src/billing/auth-guard.test.ts(25,7): error TS2353: Object literal may only specify known properties, and 'storageBytes' does not exist in type 'UserUsage'.
src/billing/auth-guard.test.ts(28,7): error TS2353: Object literal may only specify known properties, and 'status' does not exist in type 'UserSubscription'.
src/billing/auth-guard.test.ts(78,115): error TS2353: Object literal may only specify known properties, and 'storageBytes' does not exist in type 'UserUsage'.
src/billing/auth-guard.test.ts(85,94): error TS2353: Object literal may only specify known properties, and 'storageBytes' does not exist in type 'UserUsage'.
src/billing/auth-guard.test.ts(94,80): error TS2353: Object literal may only specify known properties, and 'storageBytes' does not exist in type 'UserUsage'.
src/billing/auth-guard.test.ts(109,92): error TS2353: Object literal may only specify known properties, and 'storageBytes' does not exist in type 'UserUsage'.
src/billing/auth-guard.test.ts(117,118): error TS2353: Object literal may only specify known properties, and 'storageBytes' does not exist in type 'UserUsage'.
src/billing/auth-guard.test.ts(123,80): error TS2353: Object literal may only specify known properties, and 'storageBytes' does not exist in type 'UserUsage'.
src/billing/auth-guard.test.ts(132,82): error TS2353: Object literal may only specify known properties, and 'storageBytes' does not exist in type 'UserUsage'.
src/billing/auth-guard.test.ts(199,100): error TS2353: Object literal may only specify known properties, and 'storageBytes' does not exist in type 'UserUsage'.
src/billing/auth-guard.test.ts(207,100): error TS2353: Object literal may only specify known properties, and 'storageBytes' does not exist in type 'UserUsage'.
src/billing/auth-guard.test.ts(216,100): error TS2353: Object literal may only specify known properties, and 'storageBytes' does not exist in type 'UserUsage'.
src/billing/auth-guard.test.ts(227,100): error TS2353: Object literal may only specify known properties, and 'storageBytes' does not exist in type 'UserUsage'.
src/billing/auth-guard.test.ts(237,82): error TS2353: Object literal may only specify known properties, and 'storageBytes' does not exist in type 'UserUsage'.
src/billing/auth-guard.test.ts(250,97): error TS2353: Object literal may only specify known properties, and 'storageBytes' does not exist in type 'UserUsage'.
src/billing/auth-guard.test.ts(258,97): error TS2353: Object literal may only specify known properties, and 'storageBytes' does not exist in type 'UserUsage'.
src/billing/auth-guard.test.ts(271,77): error TS2353: Object literal may only specify known properties, and 'storageBytes' does not exist in type 'UserUsage'.
src/billing/auth-guard.test.ts(286,77): error TS2353: Object literal may only specify known properties, and 'storageBytes' does not exist in type 'UserUsage'.
src/billing/usage-tracker.test.ts(75,12): error TS18046: 'payload.usage' is of type 'unknown'.
src/billing/usage-tracker.test.ts(76,12): error TS18046: 'payload.usage' is of type 'unknown'.
src/billing/usage-tracker.test.ts(114,12): error TS18046: 'payload.usage' is of type 'unknown'.
src/cli/ssrf.test.ts(13,18): error TS2554: Expected 3 arguments, but got 2.
src/cli/ssrf.test.ts(22,18): error TS2554: Expected 3 arguments, but got 2.
src/cli/ssrf.test.ts(44,11): error TS2554: Expected 3 arguments, but got 2.
src/config/io.user-config.test.ts(59,19): error TS2551: Property 'model' does not exist on type 'OpenClawConfig'. Did you mean 'models'?
src/config/io.user-config.test.ts(73,19): error TS2551: Property 'model' does not exist on type 'OpenClawConfig'. Did you mean 'models'?
src/config/io.user-config.test.ts(90,19): error TS2551: Property 'model' does not exist on type 'OpenClawConfig'. Did you mean 'models'?
src/config/io.user-config.test.ts(105,19): error TS2551: Property 'model' does not exist on type 'OpenClawConfig'. Did you mean 'models'?
src/config/io.user-config.test.ts(111,19): error TS2551: Property 'model' does not exist on type 'OpenClawConfig'. Did you mean 'models'?
src/config/io.user-config.test.ts(127,19): error TS2551: Property 'model' does not exist on type 'OpenClawConfig'. Did you mean 'models'?
src/config/io.user-config.test.ts(154,19): error TS2551: Property 'model' does not exist on type 'OpenClawConfig'. Did you mean 'models'?
src/controllers/billingController.test.ts(77,6): error TS18047: 'stripeService.stripe' is possibly 'null'.
src/controllers/billingController.test.ts(85,6): error TS18047: 'stripeService.stripe' is possibly 'null'.
src/controllers/billingController.test.ts(89,12): error TS18047: 'stripeService.stripe' is possibly 'null'.
src/controllers/billingController.test.ts(107,6): error TS18047: 'stripeService.stripe' is possibly 'null'.
src/controllers/billingController.test.ts(110,6): error TS18047: 'stripeService.stripe' is possibly 'null'.
src/controllers/billingController.test.ts(117,6): error TS18047: 'stripeService.stripe' is possibly 'null'.
src/controllers/billingController.test.ts(121,12): error TS18047: 'stripeService.stripe' is possibly 'null'.
src/controllers/billingIntegration.test.ts(70,6): error TS18047: 'stripeService.stripe' is possibly 'null'.
src/controllers/billingIntegration.test.ts(74,6): error TS18047: 'stripeService.stripe' is possibly 'null'.
src/controllers/billingIntegration.test.ts(94,6): error TS18047: 'stripeService.stripe' is possibly 'null'.
src/controllers/billingIntegration.test.ts(107,6): error TS18047: 'stripeService.stripe' is possibly 'null'.
src/controllers/billingIntegration.test.ts(121,15): error TS2339: Property 'update' does not exist on type 'Firestore'.
src/controllers/billingIntegration.test.ts(132,15): error TS2339: Property 'set' does not exist on type 'Firestore'.
src/controllers/contactController.test.ts(11,9): error TS2698: Spread types may only be created from object types.
src/controllers/contactController.test.ts(45,13): error TS2353: Object literal may only specify known properties, and 'file' does not exist in type 'Partial<Request<ParamsDictionary, any, any, ParsedQs, Record<string, any>>>'.
src/controllers/contactController.test.ts(89,22): error TS2339: Property 'file' does not exist on type 'Partial<Request<ParamsDictionary, any, any, ParsedQs, Record<string, any>>>'.
src/controllers/contactController.ts(13,30): error TS2339: Property 'file' does not exist on type 'Request<ParamsDictionary, any, any, ParsedQs, Record<string, any>>'.
src/controllers/stripeWebhookController.test.ts(86,6): error TS18047: 'stripeService.stripe' is possibly 'null'.
src/controllers/stripeWebhookController.test.ts(92,6): error TS18047: 'stripeService.stripe' is possibly 'null'.
src/controllers/stripeWebhookController.test.ts(108,15): error TS2339: Property 'update' does not exist on type 'Firestore'.
src/controllers/stripeWebhookController.test.ts(132,6): error TS18047: 'stripeService.stripe' is possibly 'null'.
src/controllers/stripeWebhookController.test.ts(142,15): error TS2339: Property 'update' does not exist on type 'Firestore'.
src/controllers/stripeWebhookController.test.ts(149,9): error TS2339: Property 'get' does not exist on type 'Firestore'.
src/controllers/stripeWebhookController.test.ts(153,9): error TS2339: Property 'get' does not exist on type 'Firestore'.
src/controllers/stripeWebhookController.test.ts(164,6): error TS18047: 'stripeService.stripe' is possibly 'null'.
src/controllers/stripeWebhookController.test.ts(170,9): error TS2339: Property 'where' does not exist on type 'Firestore'.
src/ingress/ingress-service.ts(186,54): error TS2307: Cannot find module '@/memory/hybrid-adapter.js' or its corresponding type declarations.
src/ingress/ingress-service.ts(187,57): error TS2307: Cannot find module '@/memory/index.js' or its corresponding type declarations.
src/ingress/ingress-service.ts(221,11): error TS2353: Object literal may only specify known properties, and 'memoryManager' does not exist in type 'RunEmbeddedPiAgentParams'.
src/jobs/campaignWorker.ts(222,69): error TS2339: Property 'whatsapp' does not exist on type 'PluginRuntimeChannel'.
src/jobs/campaignWorker.ts(246,69): error TS2339: Property 'whatsapp' does not exist on type 'PluginRuntimeChannel'.
src/lib/apiKeyManager.test.ts(142,46): error TS2345: Argument of type '{ type: string; retryable: boolean; cooldownMs: number; markKeyFailed: boolean; markKeyDead: boolean; }' is not assignable to parameter of type 'boolean | undefined'.
src/persistence/channel-auth-state.test.ts(116,27): error TS2353: Object literal may only specify known properties, and 'keyPair' does not exist in type 'KeyPair'.
src/services/ChannelManagerService.test.ts(2,39): error TS2835: Relative import paths need explicit file extensions in ECMAScript imports when '--moduleResolution' is 'node16' or 'nodenext'. Did you mean './ChannelManagerService.js'?
src/services/ChannelService.cleanup.test.ts(65,57): error TS2345: Argument of type '{ id: string; type: string; status: string; assignedAgentId: string; }' is not assignable to parameter of type 'AgentDocument | ChannelDocument | ChannelGroupDocument | ChannelMemberDocument | Readonly<{ id: string; ... 7 more ...; updatedAt: Date; }> | ... 14 more ... | null'.
  Type '{ id: string; type: string; status: string; assignedAgentId: string; }' is not assignable to type 'AgentDocument | ChannelGroupDocument | ChannelMemberDocument | Readonly<{ id: string; tenantId: string; name: string; content: string; ... 4 more ...; updatedAt: Date; }> | ... 13 more ... | { ...; }'.
    Type '{ id: string; type: string; status: string; assignedAgentId: string; }' is missing the following properties from type 'TenantDocument': name, subdomain, plan, subscriptionStatus, and 4 more.
src/services/ChannelService.cleanup.test.ts(92,32): error TS2345: Argument of type '{ id: string; type: string; status: string; assignedAgentId: string; }' is not assignable to parameter of type 'AgentDocument | ChannelDocument | ChannelGroupDocument | ChannelMemberDocument | Readonly<{ id: string; ... 7 more ...; updatedAt: Date; }> | ... 14 more ... | null'.
  Type '{ id: string; type: string; status: string; assignedAgentId: string; }' is not assignable to type 'AgentDocument | ChannelGroupDocument | ChannelMemberDocument | Readonly<{ id: string; tenantId: string; name: string; content: string; ... 4 more ...; updatedAt: Date; }> | ... 13 more ... | { ...; }'.
    Type '{ id: string; type: string; status: string; assignedAgentId: string; }' is missing the following properties from type 'TenantDocument': name, subdomain, plan, subscriptionStatus, and 4 more.
src/services/ChannelService.cleanup.test.ts(93,32): error TS2345: Argument of type '{ id: string; type: string; assignedAgentId: string; status: "archived"; }' is not assignable to parameter of type 'AgentDocument | ChannelDocument | ChannelGroupDocument | ChannelMemberDocument | Readonly<{ id: string; ... 7 more ...; updatedAt: Date; }> | ... 14 more ... | null'.
  Type '{ id: string; type: string; assignedAgentId: string; status: "archived"; }' is not assignable to type 'AgentDocument | ChannelGroupDocument | ChannelMemberDocument | Readonly<{ id: string; tenantId: string; name: string; content: string; ... 4 more ...; updatedAt: Date; }> | ... 9 more ... | { ...; }'.
    Type '{ id: string; type: string; assignedAgentId: string; status: "archived"; }' is missing the following properties from type 'Readonly<{ id: string; userId: string; tenantId: string; type: string; severity: "CRITICAL" | "HIGH" | "LOW" | "MEDIUM"; description: string; timestamp: Date; metadata?: Record<string, any> | undefined; }>': userId, tenantId, severity, description, timestamp
src/services/ChannelService.lifecycle.test.ts(65,57): error TS2345: Argument of type '{ id: string; type: string; status: string; assignedAgentId: string; }' is not assignable to parameter of type 'AgentDocument | ChannelDocument | ChannelGroupDocument | ChannelMemberDocument | Readonly<{ id: string; ... 7 more ...; updatedAt: Date; }> | ... 14 more ... | null'.
  Type '{ id: string; type: string; status: string; assignedAgentId: string; }' is not assignable to type 'AgentDocument | ChannelGroupDocument | ChannelMemberDocument | Readonly<{ id: string; tenantId: string; name: string; content: string; ... 4 more ...; updatedAt: Date; }> | ... 13 more ... | { ...; }'.
    Type '{ id: string; type: string; status: string; assignedAgentId: string; }' is missing the following properties from type 'TenantDocument': name, subdomain, plan, subscriptionStatus, and 4 more.
src/services/ChannelService.lifecycle.test.ts(105,32): error TS2345: Argument of type '{ id: string; type: string; status: string; assignedAgentId: string; }' is not assignable to parameter of type 'AgentDocument | ChannelDocument | ChannelGroupDocument | ChannelMemberDocument | Readonly<{ id: string; ... 7 more ...; updatedAt: Date; }> | ... 14 more ... | null'.
  Type '{ id: string; type: string; status: string; assignedAgentId: string; }' is not assignable to type 'AgentDocument | ChannelGroupDocument | ChannelMemberDocument | Readonly<{ id: string; tenantId: string; name: string; content: string; ... 4 more ...; updatedAt: Date; }> | ... 13 more ... | { ...; }'.
    Type '{ id: string; type: string; status: string; assignedAgentId: string; }' is missing the following properties from type 'TenantDocument': name, subdomain, plan, subscriptionStatus, and 4 more.
src/services/ChannelService.lifecycle.test.ts(106,32): error TS2345: Argument of type '{ id: string; type: string; assignedAgentId: string; status: "archived"; }' is not assignable to parameter of type 'AgentDocument | ChannelDocument | ChannelGroupDocument | ChannelMemberDocument | Readonly<{ id: string; ... 7 more ...; updatedAt: Date; }> | ... 14 more ... | null'.
  Type '{ id: string; type: string; assignedAgentId: string; status: "archived"; }' is not assignable to type 'AgentDocument | ChannelGroupDocument | ChannelMemberDocument | Readonly<{ id: string; tenantId: string; name: string; content: string; ... 4 more ...; updatedAt: Date; }> | ... 9 more ... | { ...; }'.
    Type '{ id: string; type: string; assignedAgentId: string; status: "archived"; }' is missing the following properties from type 'Readonly<{ id: string; userId: string; tenantId: string; type: string; severity: "CRITICAL" | "HIGH" | "LOW" | "MEDIUM"; description: string; timestamp: Date; metadata?: Record<string, any> | undefined; }>': userId, tenantId, severity, description, timestamp
src/services/ChannelService.move.test.ts(71,57): error TS2345: Argument of type '{ id: string; type: string; status: string; assignedAgentId: string; }' is not assignable to parameter of type 'AgentDocument | ChannelDocument | ChannelGroupDocument | ChannelMemberDocument | Readonly<{ id: string; ... 7 more ...; updatedAt: Date; }> | ... 14 more ... | null'.
  Type '{ id: string; type: string; status: string; assignedAgentId: string; }' is not assignable to type 'AgentDocument | ChannelGroupDocument | ChannelMemberDocument | Readonly<{ id: string; tenantId: string; name: string; content: string; ... 4 more ...; updatedAt: Date; }> | ... 13 more ... | { ...; }'.
    Type '{ id: string; type: string; status: string; assignedAgentId: string; }' is missing the following properties from type 'TenantDocument': name, subdomain, plan, subscriptionStatus, and 4 more.
src/services/ChannelService.test.ts(114,59): error TS2345: Argument of type '{ id: string; name: string; }' is not assignable to parameter of type 'AgentDocument | ChannelDocument | ChannelGroupDocument | ChannelMemberDocument | Readonly<{ date: string; sent: number | { ...; }; received: number | { ...; }; errors: number | { ...; }; updatedAt: Date; }> | ... 14 more ... | null'.
  Type '{ id: string; name: string; }' is missing the following properties from type 'TenantDocument': subdomain, plan, subscriptionStatus, status, and 4 more.
src/services/ChannelService.test.ts(126,55): error TS2741: Property 'isHealthMonitorEnabled' is missing in type '{ stopChannel: Mock<Procedure>; startChannel: Mock<Procedure>; startChannels: Mock<Procedure>; getRuntimeSnapshot: Mock<Procedure>; markChannelLoggedOut: Mock<...>; isManuallyStopped: Mock<...>; resetRestartAttempts: Mock<...>; }' but required in type 'ChannelManager'.
src/services/ChannelService.test.ts(135,59): error TS2345: Argument of type '{ id: string; name: string; type: "whatsapp"; }' is not assignable to parameter of type 'AgentDocument | ChannelDocument | ChannelGroupDocument | ChannelMemberDocument | Readonly<{ date: string; sent: number | { ...; }; received: number | { ...; }; errors: number | { ...; }; updatedAt: Date; }> | ... 14 more ... | null'.
  Type '{ id: string; name: string; type: "whatsapp"; }' is not assignable to type 'AgentDocument | ChannelDocument | ChannelGroupDocument | ChannelMemberDocument | Readonly<{ date: string; sent: number | { ...; }; received: number | { ...; }; errors: number | { ...; }; updatedAt: Date; }> | ... 13 more ... | { ...; }'.
    Type '{ id: string; name: string; type: "whatsapp"; }' is missing the following properties from type 'ChannelDocument': status, stats, createdAt, updatedAt
src/services/ChannelService.test.ts(155,3): error TS2322: Type '{ isHealthMonitorEnabled?: ((channelId: ChannelId, accountId: string) => boolean) | undefined; startChannel: ((channel: ChannelId, accountId?: string) => Promise<void>) | Mock<...>; ... 5 more ...; resetRestartAttempts: ((channelId: ChannelId, accountId: string) => void) | Mock<...>; }' is not assignable to type 'ChannelManager'.
  Types of property 'isHealthMonitorEnabled' are incompatible.
    Type '((channelId: ChannelId, accountId: string) => boolean) | undefined' is not assignable to type '(channelId: ChannelId, accountId: string) => boolean'.
      Type 'undefined' is not assignable to type '(channelId: ChannelId, accountId: string) => boolean'.
src/services/ChannelService.test.ts(183,59): error TS2345: Argument of type '{ id: string; type: "whatsapp"; status: "disconnected"; assignedAgentId: string; }' is not assignable to parameter of type 'AgentDocument | ChannelDocument | ChannelGroupDocument | ChannelMemberDocument | Readonly<{ date: string; sent: number | { ...; }; received: number | { ...; }; errors: number | { ...; }; updatedAt: Date; }> | ... 14 more ... | null'.
  Type '{ id: string; type: "whatsapp"; status: "disconnected"; assignedAgentId: string; }' is not assignable to type 'AgentDocument | ChannelDocument | ChannelGroupDocument | ChannelMemberDocument | Readonly<{ date: string; sent: number | { ...; }; received: number | { ...; }; errors: number | { ...; }; updatedAt: Date; }> | ... 8 more ... | { ...; }'.
    Type '{ id: string; type: "whatsapp"; status: "disconnected"; assignedAgentId: string; }' is missing the following properties from type 'ChannelDocument': name, stats, createdAt, updatedAt
src/services/ChannelService.test.ts(203,59): error TS2345: Argument of type '{ id: string; type: "telegram"; status: "disconnected"; assignedAgentId: string; }' is not assignable to parameter of type 'AgentDocument | ChannelDocument | ChannelGroupDocument | ChannelMemberDocument | Readonly<{ date: string; sent: number | { ...; }; received: number | { ...; }; errors: number | { ...; }; updatedAt: Date; }> | ... 14 more ... | null'.
  Type '{ id: string; type: "telegram"; status: "disconnected"; assignedAgentId: string; }' is not assignable to type 'AgentDocument | ChannelDocument | ChannelGroupDocument | ChannelMemberDocument | Readonly<{ date: string; sent: number | { ...; }; received: number | { ...; }; errors: number | { ...; }; updatedAt: Date; }> | ... 8 more ... | { ...; }'.
    Type '{ id: string; type: "telegram"; status: "disconnected"; assignedAgentId: string; }' is missing the following properties from type 'ChannelDocument': name, stats, createdAt, updatedAt
src/services/ChannelService.test.ts(231,59): error TS2345: Argument of type '{ id: string; type: "whatsapp"; status: "connected"; assignedAgentId: string; }' is not assignable to parameter of type 'AgentDocument | ChannelDocument | ChannelGroupDocument | ChannelMemberDocument | Readonly<{ date: string; sent: number | { ...; }; received: number | { ...; }; errors: number | { ...; }; updatedAt: Date; }> | ... 14 more ... | null'.
  Type '{ id: string; type: "whatsapp"; status: "connected"; assignedAgentId: string; }' is not assignable to type 'AgentDocument | ChannelDocument | ChannelGroupDocument | ChannelMemberDocument | Readonly<{ date: string; sent: number | { ...; }; received: number | { ...; }; errors: number | { ...; }; updatedAt: Date; }> | ... 8 more ... | { ...; }'.
    Type '{ id: string; type: "whatsapp"; status: "connected"; assignedAgentId: string; }' is missing the following properties from type 'ChannelDocument': name, stats, createdAt, updatedAt
src/services/CronManagerService.test.ts(2,36): error TS2835: Relative import paths need explicit file extensions in ECMAScript imports when '--moduleResolution' is 'node16' or 'nodenext'. Did you mean './CronManagerService.js'?
src/services/authSystem.resilience.test.ts(48,23): error TS2339: Property 'error' does not exist on type 'Result<{ communityMetadata: (jid: string) => Promise<GroupMetadata>; communityCreate: (subject: string, body: string) => Promise<GroupMetadata | null>; ... 153 more ...; onWhatsApp: (...phoneNumber: string[]) => Promise<...>; }>'.
  Property 'error' does not exist on type '{ readonly success: true; readonly data: { communityMetadata: (jid: string) => Promise<GroupMetadata>; communityCreate: (subject: string, body: string) => Promise<GroupMetadata | null>; ... 153 more ...; onWhatsApp: (...phoneNumber: string[]) => Promise<...>; }; }'.
src/services/backupService.test.ts(41,9): error TS2339: Property 'get' does not exist on type 'Firestore'.
src/services/backupService.test.ts(46,9): error TS2339: Property 'get' does not exist on type 'Firestore'.
src/services/backupService.test.ts(66,9): error TS2339: Property 'get' does not exist on type 'Firestore'.
src/services/backupService.test.ts(74,27): error TS2339: Property 'code' does not exist on type 'Error'.
src/services/backupService.test.ts(81,9): error TS2339: Property 'get' does not exist on type 'Firestore'.
src/services/backupService.test.ts(89,27): error TS2339: Property 'code' does not exist on type 'Error'.
src/services/backupService.test.ts(99,9): error TS2339: Property 'get' does not exist on type 'Firestore'.
src/services/flowService.test.ts(53,9): error TS2339: Property 'get' does not exist on type 'Firestore'.
src/services/multiTenantService.test.ts(9,33): error TS2307: Cannot find module './FirebaseService.js' or its corresponding type declarations.
src/services/multiTenantService.test.ts(79,27): error TS2339: Property 'data' does not exist on type 'Result<boolean>'.
  Property 'data' does not exist on type '{ readonly success: false; readonly error: Error; }'.
src/services/multiTenantService.test.ts(105,27): error TS2339: Property 'data' does not exist on type 'Result<boolean>'.
  Property 'data' does not exist on type '{ readonly success: false; readonly error: Error; }'.
src/services/multiTenantService.test.ts(132,27): error TS2339: Property 'data' does not exist on type 'Result<boolean>'.
  Property 'data' does not exist on type '{ readonly success: false; readonly error: Error; }'.
src/services/multiTenantService.test.ts(140,27): error TS2339: Property 'error' does not exist on type 'Result<boolean>'.
  Property 'error' does not exist on type '{ readonly success: true; readonly data: boolean; }'.
src/services/tenantConfigService.test.ts(85,23): error TS2339: Property 'set' does not exist on type 'Firestore'.
src/services/tenantConfigService.test.ts(108,27): error TS2339: Property 'data' does not exist on type 'Result<{ name: string; phoneNumber?: string | undefined; prefix: string[]; mode: "group-only" | "private" | "public"; selfMode: boolean; alwaysOnline: boolean; antiCall: boolean; autoRead: boolean; ... 16 more ...; updatedAt?: Date | undefined; }>'.
  Property 'data' does not exist on type '{ readonly success: false; readonly error: Error; }'.
src/tenancy/__tests__/context-resolver.test.ts(57,17): error TS2351: This expression is not constructable.
  Type 'typeof import("/home/codedex/projects/DeXMart/node_modules/ioredis/built/index")' has no construct signatures.
src/types/contracts.test.ts(2,47): error TS2835: Relative import paths need explicit file extensions in ECMAScript imports when '--moduleResolution' is 'node16' or 'nodenext'. Did you mean './contracts.js'?
src/utils/resilienceHarness.ts(12,45): error TS2339: Property 'whatsapp' does not exist on type 'PluginRuntimeChannel'.
src/workers/groupSyncWorker.ts(59,55): error TS2339: Property 'whatsapp' does not exist on type 'PluginRuntimeChannel'.
src/workers/whatsappQueueWorker.ts(69,44): error TS2339: Property 'whatsapp' does not exist on type 'PluginRuntimeChannel'.
src/workers/whatsappQueueWorker.ts(79,35): error TS2339: Property 'whatsapp' does not exist on type 'PluginRuntimeChannel'.
test/helpers/envelope-timestamp.ts(2,35): error TS2307: Cannot find module '../../src/telegram/bot.create-telegram-bot.test-harness.js' or its corresponding type declarations.
